GDTEST_ANALYZER_ERROR
Invalid operands "int" and "float" for ">>" operator.
