GDTEST_ANALYZER_ERROR
Invalid operands "float" and "int" for "<<" operator.
