GDTEST_ANALYZER_ERROR
Could not resolve class "InnerA": Cyclic inheritance.
