GDTEST_ANALYZER_ERROR
Invalid operands "bool" and "bool" for "+" operator.
