GDTEST_RUNTIME_ERROR
>> SCRIPT ERROR at runtime/errors/cast_freed_object.gd:6 on test(): Trying to cast a freed object.
