GDTEST_RUNTIME_ERROR
>> SCRIPT ERROR at runtime/errors/constant_dictionary_is_deep.gd:8 on test(): Invalid assignment on read-only value (on base: 'Array').
