GDTEST_RUNTIME_ERROR
~~ WARNING at line 6: (UNSAFE_METHOD_ACCESS) The method "free()" is not present on the inferred type "Variant" (but may be present on a subtype).
>> SCRIPT ERROR at runtime/errors/use_return_value_of_free_call.gd:6 on test(): Trying to get a return value of a method that returns "void"
