GDTEST_OK
Compare ==: true
Compare ==: true
Compare !=: false
Compare !=: false
Concat: abcdef
Concat: abcdef
Concat: abcdef
a
b
c
b
c
String matched StringName literal
StringName matched String literal
String matched StringName
StringName matched String
