GDTEST_PARSER_ERROR
Class "Vector2" hides a built-in type.
